Microchip MPLAB XC8 Compiler V2.32

Linker command line:

-W-3 --edf=C:\Program Files\Microchip\xc8\v2.32\pic\dat\en_msgs.txt -cn \
  -h+dist/default/production\LCD_I2C.X.production.sym \
  --cmf=dist/default/production\LCD_I2C.X.production.cmf -z -Q16F18875 \
  -oC:\Users\David\AppData\Local\Temp\xcAsgfc.4 --defsym=__MPLAB_BUILD=1 \
  -Mdist/default/production/LCD_I2C.X.production.map -E1 -ver=XC8 Compiler \
  --acfsm=1493 -ASTACK=02046h-023EFh -pstack=STACK -ACODE=00h-07FFhx4 \
  -ASTRCODE=00h-01FFFh -ASTRING=00h-0FFhx32 -ACONST=00h-0FFhx32 \
  -AENTRY=00h-0FFhx32 -ACOMMON=070h-07Fh -ABANK0=020h-06Fh \
  -ABANK1=0A0h-0EFh -ABANK2=0120h-016Fh -ABANK3=01A0h-01EFh \
  -ABANK4=0220h-026Fh -ABANK5=02A0h-02EFh -ABANK6=0320h-036Fh \
  -ABANK7=03A0h-03EFh -ABANK8=0420h-046Fh -ABANK9=04A0h-04EFh \
  -ABANK10=0520h-056Fh -ABANK11=05A0h-05EFh -ABANK12=0620h-064Fh \
  -ABIGRAM=02000h-023EFh \
  -ARAM=020h-06Fh,0A0h-0EFh,0120h-016Fh,01A0h-01EFh,0220h-026Fh,02A0h-02EFh,0320h-036Fh,03A0h-03EFh,0420h-046Fh,04A0h-04EFh,0520h-056Fh,05A0h-05EFh,0620h-064Fh \
  -AABS1=020h-07Fh,0A0h-0EFh,0120h-016Fh,01A0h-01EFh,0220h-026Fh,02A0h-02EFh,0320h-036Fh,03A0h-03EFh,0420h-046Fh,04A0h-04EFh,0520h-056Fh,05A0h-05EFh,0620h-064Fh \
  -ASFR0=00h-01Fh -ASFR1=080h-09Fh -ASFR2=0100h-011Fh -ASFR3=0180h-019Fh \
  -ASFR4=0200h-021Fh -ASFR5=0280h-029Fh -ASFR6=0300h-031Fh \
  -ASFR7=0380h-039Fh -ASFR8=0400h-041Fh -ASFR9=0480h-049Fh \
  -ASFR10=0500h-051Fh -ASFR11=0580h-059Fh -ASFR12=0600h-061Fh \
  -ASFR13=0680h-06EFh -ASFR14=0700h-076Fh -ASFR15=0780h-07EFh \
  -ASFR16=0800h-086Fh -ASFR17=0880h-08EFh -ASFR18=0900h-096Fh \
  -ASFR19=0980h-09EFh -ASFR20=0A00h-0A6Fh -ASFR21=0A80h-0AEFh \
  -ASFR22=0B00h-0B6Fh -ASFR23=0B80h-0BEFh -ASFR24=0C00h-0C6Fh \
  -ASFR25=0C80h-0CEFh -ASFR26=0D00h-0D6Fh -ASFR27=0D80h-0DEFh \
  -ASFR28=0E00h-0E6Fh -ASFR29=0E80h-0EEFh -ASFR30=0F00h-0F6Fh \
  -ASFR31=0F80h-0FEFh -ACONFIG=08007h-0800Bh -DCONFIG=2 \
  -AIDLOC=08000h-08003h -DIDLOC=2 -AEEDATA=00h-0FFh/0F000h \
  -peeprom_data=EEDATA -DEEDATA=2 -DCODE=2 -DSTRCODE=2 -DSTRING=2 -DCONST=2 \
  -DENTRY=2 -preset_vec=00h,intentry=04h,init,end_init -ppowerup=CODE \
  -pcinit=CODE -pfunctab=ENTRY -k \
  C:\Users\David\AppData\Local\Temp\xcAsgfc.o \
  dist/default/production\LCD_I2C.X.production.o 

Object code version is 3.11

Machine type is 16F18875



                Name                               Link     Load   Length Selector   Space Scale
C:\Users\David\AppData\Local\Temp\xcAsgfc.o
                end_init                             25       25        2        8       0
                reset_vec                             0        0        2        0       0
                config                             8007     8007        5        0       4
dist/default/production\LCD_I2C.X.production.o
                cinit                                27       27        C        8       0
                intentry                              4        4       21        8       0
                config                             8007     8007        5        0       4
                text74                              62C      62C        3      AEC       0
                text73                              629      629        3      AEC       0
                text72                              386      386       26      668       0
                text71                              560      560        D      668       0
                text70                              529      529        F      668       0
                text69                              4F2      4F2       16      668       0
                text68                              4DC      4DC       16      668       0
                text67                              4C6      4C6       16      668       0
                text66                              4B0      4B0       16      668       0
                text65                              49A      49A       16      668       0
                text64                              43D      43D       1B      668       0
                text63                              631      631        2      AEC       0
                text62                              62F      62F        2      AEC       0
                text61                              484      484       16      668       0
                text60                              46E      46E       16      668       0
                text59                              458      458       16      668       0
                text58                              422      422       1B      668       0
                text57                              626      626        3      AEC       0
                text56                              60A      60A        4      AEC       0
                text55                              623      623        3      AEC       0
                text54                              606      606        4      AEC       0
                text53                              5FD      5FD        5      AEC       0
                text52                              5BB      5BB        6      AEC       0
                text51                              620      620        3      AEC       0
                text50                              256      256       2F        8       0
                text49                              5F8      5F8        5      AEC       0
                text48                              588      588        9      AEC       0
                text47                              599      599        8      AEC       0
                text46                               33       33       58        8       0
                text45                               D9       D9       47        8       0
                text44                              5A8      5A8        7      AEC       0
                text43                              5F3      5F3        5      AEC       0
                text42                              5EE      5EE        5      AEC       0
                text41                              5E9      5E9        5      AEC       0
                text40                              5E4      5E4        5      AEC       0
                text39                              5DF      5DF        5      AEC       0
                text38                              5DA      5DA        5      AEC       0
                text37                              5D5      5D5        5      AEC       0
                text36                              5D0      5D0        5      AEC       0
                text35                              2DD      2DD       2C        8       0
                text34                              61D      61D        3      AEC       0
                text33                              334      334       2B      668       0
                text32                              602      602        4      AEC       0
                text30                              57F      57F        9      AEC       0
                text29                              576      576        9      AEC       0
                text28                              165      165       45        8       0
                text27                              591      591        8      AEC       0
                text26                              553      553        D      668       0
                text25                              5CB      5CB        5      AEC       0
                text24                              61A      61A        3      AEC       0
                text23                              617      617        3      AEC       0
                text22                              614      614        3      AEC       0
                text21                              406      406       1C      668       0
                text20                              611      611        3      AEC       0
                text19                              3EA      3EA       1C      668       0
                text18                              5C6      5C6        5      AEC       0
                text17                              60E      60E        3      AEC       0
                text16                              546      546        D      668       0
                text15                              5B5      5B5        6      AEC       0
                text14                              120      120       45        8       0
                text13                              35F      35F       27      668       0
                text12                              538      538        E      668       0
                text11                              51A      51A        F      668       0
                text10                              2B1      2B1       2C        8       0
                text9                               3CE      3CE       1C      668       0
                text8                               220      220       36        8       0
                text7                               5C1      5C1        5      AEC       0
                text6                               508      508       12      668       0
                text5                               5A1      5A1        7      AEC       0
                text4                               1AA      1AA       3C        8       0
                text3                               1E6      1E6       3A        8       0
                text2                               285      285       2C        8       0
                text1                               3AC      3AC       22      668       0
                maintext                             8B       8B       4E        8       0
                cstackBANK0                          20       20       24       20       1
                cstackCOMMON                         70       70        D       70       1
                clrtext                             5AF      5AF        6      AEC       0
                bssBANK0                             44       44       22       20       1
                stringtext2                         56D      56D        9      ADA       0
                stringtext1                         309      309       2B      612       0

TOTAL           Name                               Link     Load   Length     Space
        CLASS   STACK          

        CLASS   CODE           
                end_init                             25       25        2         0
                cinit                                27       27        C         0
                intentry                              4        4       21         0
                reset_vec                             0        0        2         0
                text74                              62C      62C        3         0
                text73                              629      629        3         0
                text72                              386      386       26         0
                text71                              560      560        D         0
                text70                              529      529        F         0
                text69                              4F2      4F2       16         0
                text68                              4DC      4DC       16         0
                text67                              4C6      4C6       16         0
                text66                              4B0      4B0       16         0
                text65                              49A      49A       16         0
                text64                              43D      43D       1B         0
                text63                              631      631        2         0
                text62                              62F      62F        2         0
                text61                              484      484       16         0
                text60                              46E      46E       16         0
                text59                              458      458       16         0
                text58                              422      422       1B         0
                text57                              626      626        3         0
                text56                              60A      60A        4         0
                text55                              623      623        3         0
                text54                              606      606        4         0
                text53                              5FD      5FD        5         0
                text52                              5BB      5BB        6         0
                text51                              620      620        3         0
                text50                              256      256       2F         0
                text49                              5F8      5F8        5         0
                text48                              588      588        9         0
                text47                              599      599        8         0
                text46                               33       33       58         0
                text45                               D9       D9       47         0
                text44                              5A8      5A8        7         0
                text43                              5F3      5F3        5         0
                text42                              5EE      5EE        5         0
                text41                              5E9      5E9        5         0
                text40                              5E4      5E4        5         0
                text39                              5DF      5DF        5         0
                text38                              5DA      5DA        5         0
                text37                              5D5      5D5        5         0
                text36                              5D0      5D0        5         0
                text35                              2DD      2DD       2C         0
                text34                              61D      61D        3         0
                text33                              334      334       2B         0
                text32                              602      602        4         0
                text30                              57F      57F        9         0
                text29                              576      576        9         0
                text28                              165      165       45         0
                text27                              591      591        8         0
                text26                              553      553        D         0
                text25                              5CB      5CB        5         0
                text24                              61A      61A        3         0
                text23                              617      617        3         0
                text22                              614      614        3         0
                text21                              406      406       1C         0
                text20                              611      611        3         0
                text19                              3EA      3EA       1C         0
                text18                              5C6      5C6        5         0
                text17                              60E      60E        3         0
                text16                              546      546        D         0
                text15                              5B5      5B5        6         0
                text14                              120      120       45         0
                text13                              35F      35F       27         0
                text12                              538      538        E         0
                text11                              51A      51A        F         0
                text10                              2B1      2B1       2C         0
                text9                               3CE      3CE       1C         0
                text8                               220      220       36         0
                text7                               5C1      5C1        5         0
                text6                               508      508       12         0
                text5                               5A1      5A1        7         0
                text4                               1AA      1AA       3C         0
                text3                               1E6      1E6       3A         0
                text2                               285      285       2C         0
                text1                               3AC      3AC       22         0
                maintext                             8B       8B       4E         0
                clrtext                             5AF      5AF        6         0

        CLASS   STRCODE        
                stringtext2                         56D      56D        9         0
                stringtext1                         309      309       2B         0

        CLASS   STRING         

        CLASS   CONST          

        CLASS   ENTRY          

        CLASS   COMMON         
                cstackCOMMON                         70       70        D         1

        CLASS   BANK0          
                cstackBANK0                          20       20       24         1
                bssBANK0                             44       44       22         1

        CLASS   BANK1          

        CLASS   BANK2          

        CLASS   BANK3          

        CLASS   BANK4          

        CLASS   BANK5          

        CLASS   BANK6          

        CLASS   BANK7          

        CLASS   BANK8          

        CLASS   BANK9          

        CLASS   BANK10         

        CLASS   BANK11         

        CLASS   BANK12         

        CLASS   BIGRAM         

        CLASS   RAM            

        CLASS   ABS1           
                abs_s1                               7E       7E        2         1

        CLASS   SFR0           

        CLASS   SFR1           

        CLASS   SFR2           

        CLASS   SFR3           

        CLASS   SFR4           

        CLASS   SFR5           

        CLASS   SFR6           

        CLASS   SFR7           

        CLASS   SFR8           

        CLASS   SFR9           

        CLASS   SFR10          

        CLASS   SFR11          

        CLASS   SFR12          

        CLASS   SFR13          

        CLASS   SFR14          

        CLASS   SFR15          

        CLASS   SFR16          

        CLASS   SFR17          

        CLASS   SFR18          

        CLASS   SFR19          

        CLASS   SFR20          

        CLASS   SFR21          

        CLASS   SFR22          

        CLASS   SFR23          

        CLASS   SFR24          

        CLASS   SFR25          

        CLASS   SFR26          

        CLASS   SFR27          

        CLASS   SFR28          

        CLASS   SFR29          

        CLASS   SFR30          

        CLASS   SFR31          

        CLASS   CONFIG         
                config                             8007     8007        5         4

        CLASS   IDLOC          

        CLASS   EEDATA         

        CLASS   BANK31         

        CLASS   BANK30         

        CLASS   BANK29         

        CLASS   BANK28         

        CLASS   BANK27         

        CLASS   BANK26         

        CLASS   BANK25         

        CLASS   BANK24         

        CLASS   BANK23         

        CLASS   BANK22         

        CLASS   BANK21         

        CLASS   BANK20         

        CLASS   BANK19         

        CLASS   BANK18         

        CLASS   BANK17         

        CLASS   BANK16         

        CLASS   BANK15         

        CLASS   BANK14         

        CLASS   BANK13         



SEGMENTS        Name                           Load    Length   Top    Selector   Space  Class     Delta

                reset_vec                      000000  000002  000002         0       0  CODE        2
                intentry                       000004  000305  000309         8       0  CODE        2
                cstackBANK0                    000020  000046  000066        20       1  BANK0       1
                cstackCOMMON                   000070  00000D  00007D        70       1  COMMON      1
                stringtext1                    000309  00002B  000334       612       0  STRCODE     2
                text33                         000334  000239  00056D       668       0  CODE        2
                stringtext2                    00056D  000009  000576       ADA       0  STRCODE     2
                text29                         000576  0000BD  000633       AEC       0  CODE        2


UNUSED ADDRESS RANGES

        Name                Unused          Largest block    Delta
        BANK0            00066-0006F               A           1
        BANK1            000A0-000EF              50           1
        BANK10           00520-0056F              50           1
        BANK11           005A0-005EF              50           1
        BANK12           00620-0064F              30           1
        BANK2            00120-0016F              50           1
        BANK3            001A0-001EF              50           1
        BANK4            00220-0026F              50           1
        BANK5            002A0-002EF              50           1
        BANK6            00320-0036F              50           1
        BANK7            003A0-003EF              50           1
        BANK8            00420-0046F              50           1
        BANK9            004A0-004EF              50           1
        BIGRAM           02000-023EF             3F0           1
        CODE             00002-00003               2           2
                         00633-01FFF             800
        COMMON           0007D-0007D               1           1
        CONST            00002-00003               2           2
                         00633-01FFF             100
        EEDATA           0F000-0F0FF             100           2
        ENTRY            00002-00003               2           2
                         00633-01FFF             100
        IDLOC            08000-08003               4           2
        RAM              00066-0006F               A           1
                         000A0-000EF              50
                         00120-0016F              50
                         001A0-001EF              50
                         00220-0026F              50
                         002A0-002EF              50
                         00320-0036F              50
                         003A0-003EF              50
                         00420-0046F              50
                         004A0-004EF              50
                         00520-0056F              50
                         005A0-005EF              50
                         00620-0064F              30
        SFR0             00000-0001F              20           1
        SFR1             00080-0009F              20           1
        SFR10            00500-0051F              20           1
        SFR11            00580-0059F              20           1
        SFR12            00600-0061F              20           1
        SFR13            00680-006EF              70           1
        SFR14            00700-0076F              70           1
        SFR15            00780-007EF              70           1
        SFR16            00800-0086F              70           1
        SFR17            00880-008EF              70           1
        SFR18            00900-0096F              70           1
        SFR19            00980-009EF              70           1
        SFR2             00100-0011F              20           1
        SFR20            00A00-00A6F              70           1
        SFR21            00A80-00AEF              70           1
        SFR22            00B00-00B6F              70           1
        SFR23            00B80-00BEF              70           1
        SFR24            00C00-00C6F              70           1
        SFR25            00C80-00CEF              70           1
        SFR26            00D00-00D6F              70           1
        SFR27            00D80-00DEF              70           1
        SFR28            00E00-00E6F              70           1
        SFR29            00E80-00EEF              70           1
        SFR3             00180-0019F              20           1
        SFR30            00F00-00F6F              70           1
        SFR31            00F80-00FEF              70           1
        SFR4             00200-0021F              20           1
        SFR5             00280-0029F              20           1
        SFR6             00300-0031F              20           1
        SFR7             00380-0039F              20           1
        SFR8             00400-0041F              20           1
        SFR9             00480-0049F              20           1
        STACK            02046-023EF             3AA           1
        STRCODE          00002-00003               2           2
                         00633-01FFF            19CD
        STRING           00002-00003               2           2
                         00633-01FFF             100

                                  Symbol Table

I2C1_Close@returnValue                                    cstackBANK0  00024
I2C1_MasterOperation@read                                 cstackBANK0  00024
I2C1_MasterOperation@returnValue                          cstackBANK0  00025
I2C1_MasterSendTxData@data                                cstackCOMMON 00070
I2C1_Open@address                                         cstackBANK0  00026
I2C1_Open@returnValue                                     cstackBANK0  00027
I2C1_SetAddressNackCallback@cb                            cstackBANK0  00028
I2C1_SetAddressNackCallback@ptr                           cstackBANK0  0002A
I2C1_SetBuffer@buffer                                     cstackBANK0  00023
I2C1_SetBuffer@bufferSize                                 cstackBANK0  00025
I2C1_SetCallback@cb                                       cstackBANK0  00023
I2C1_SetCallback@idx                                      cstackBANK0  00027
I2C1_SetCallback@ptr                                      cstackBANK0  00025
I2C1_SetDataCompleteCallback@cb                           cstackCOMMON 00075
I2C1_SetDataCompleteCallback@ptr                          cstackCOMMON 00077
I2C1_SetInterruptHandler@InterruptHandler                 cstackBANK0  00023
_ANSELA                                                   (abs)        00F38
_ANSELB                                                   (abs)        00F43
_ANSELC                                                   (abs)        00F4E
_ANSELD                                                   (abs)        00F59
_ANSELE                                                   (abs)        00F64
_I2C1_CallbackReturnReset                                 text62       0062F
_I2C1_CallbackReturnStop                                  text63       00631
_I2C1_Close                                               text21       00406
_I2C1_DO_ADDRESS_NACK                                     text35       002DD
_I2C1_DO_IDLE                                             text49       005F8
_I2C1_DO_RCEN                                             text44       005A8
_I2C1_DO_RESET                                            text36       005D0
_I2C1_DO_RX                                               text45       000D9
_I2C1_DO_RX_ACK                                           text39       005DF
_I2C1_DO_RX_NACK_RESTART                                  text37       005D5
_I2C1_DO_RX_NACK_STOP                                     text38       005DA
_I2C1_DO_SEND_ADR_READ                                    text48       00588
_I2C1_DO_SEND_ADR_WRITE                                   text47       00599
_I2C1_DO_SEND_RESTART                                     text41       005E9
_I2C1_DO_SEND_RESTART_READ                                text43       005F3
_I2C1_DO_SEND_RESTART_WRITE                               text42       005EE
_I2C1_DO_SEND_STOP                                        text40       005E4
_I2C1_DO_TX                                               text46       00033
_I2C1_DO_TX_EMPTY                                         text50       00256
_I2C1_Initialize                                          text30       0057F
_I2C1_MasterClearIrq                                      text24       0061A
_I2C1_MasterClose                                         text23       00617
_I2C1_MasterDisableIrq                                    text22       00614
_I2C1_MasterEnableIrq                                     text17       0060E
_I2C1_MasterEnableRestart                                 text74       0062C
_I2C1_MasterFsm                                           text33       00334
_I2C1_MasterGetRxData                                     text55       00623
_I2C1_MasterIsNack                                        text52       005BB
_I2C1_MasterIsr                                           text32       00602
_I2C1_MasterOpen                                          text16       00546
_I2C1_MasterOperation                                     text19       003EA
_I2C1_MasterSendAck                                       text54       00606
_I2C1_MasterSendNack                                      text56       0060A
_I2C1_MasterSendTxData                                    text53       005FD
_I2C1_MasterSetIrq                                        text51       00620
_I2C1_MasterStart                                         text20       00611
_I2C1_MasterStartRx                                       text57       00626
_I2C1_MasterStop                                          text73       00629
_I2C1_MasterWrite                                         text18       005C6
_I2C1_Open                                                text14       00120
_I2C1_SetAddressNackCallback                              text12       00538
_I2C1_SetBuffer                                           text11       0051A
_I2C1_SetCallback                                         text13       0035F
_I2C1_SetDataCompleteCallback                             text71       00560
_I2C1_SetInterruptHandler                                 text15       005B5
_I2C1_Status                                              bssBANK0     00044
_INLVLA                                                   (abs)        00F3C
_INLVLB                                                   (abs)        00F47
_INLVLC                                                   (abs)        00F52
_INLVLD                                                   (abs)        00F5D
_INLVLE                                                   (abs)        00F68
_INTCONbits                                               (abs)        0000B
_INTERRUPT_InterruptManager                               intentry     00004
_LATA                                                     (abs)        00016
_LATB                                                     (abs)        00017
_LATC                                                     (abs)        00018
_LATD                                                     (abs)        00019
_LATE                                                     (abs)        0001A
_MSSP1_InterruptHandler                                   bssBANK0     00062
_ODCONA                                                   (abs)        00F3A
_ODCONB                                                   (abs)        00F45
_ODCONC                                                   (abs)        00F50
_ODCOND                                                   (abs)        00F5B
_ODCONE                                                   (abs)        00F66
_OSCCON1                                                  (abs)        0088D
_OSCCON3                                                  (abs)        0088F
_OSCEN                                                    (abs)        00891
_OSCFRQ                                                   (abs)        00893
_OSCILLATOR_Initialize                                    text29       00576
_OSCTUNE                                                  (abs)        00892
_PIE3bits                                                 (abs)        00719
_PIN_MANAGER_Initialize                                   text28       00165
_PIR3bits                                                 (abs)        0070F
_PMD0                                                     (abs)        00796
_PMD1                                                     (abs)        00797
_PMD2                                                     (abs)        00798
_PMD3                                                     (abs)        00799
_PMD4                                                     (abs)        0079A
_PMD5                                                     (abs)        0079B
_PMD_Initialize                                           text27       00591
_RC3PPS                                                   (abs)        00F23
_RC4PPS                                                   (abs)        00F24
_SLRCONA                                                  (abs)        00F3B
_SLRCONB                                                  (abs)        00F46
_SLRCONC                                                  (abs)        00F51
_SLRCOND                                                  (abs)        00F5C
_SLRCONE                                                  (abs)        00F67
_SSP1ADD                                                  (abs)        0018D
_SSP1BUF                                                  (abs)        0018C
_SSP1CLKPPS                                               (abs)        00EC5
_SSP1CON1                                                 (abs)        00190
_SSP1CON1bits                                             (abs)        00190
_SSP1CON2                                                 (abs)        00191
_SSP1CON2bits                                             (abs)        00191
_SSP1DATPPS                                               (abs)        00EC6
_SSP1STAT                                                 (abs)        0018F
_SSP1STATbits                                             (abs)        0018F
_SYSTEM_Initialize                                        text26       00553
_TRISA                                                    (abs)        00011
_TRISB                                                    (abs)        00012
_TRISC                                                    (abs)        00013
_TRISD                                                    (abs)        00014
_TRISE                                                    (abs)        00015
_WPUA                                                     (abs)        00F39
_WPUB                                                     (abs)        00F44
_WPUC                                                     (abs)        00F4F
_WPUD                                                     (abs)        00F5A
_WPUE                                                     (abs)        00F65
__Habs1                                                   abs1         00000
__Hbank0                                                  bank0        00000
__Hbank1                                                  bank1        00000
__Hbank10                                                 bank10       00000
__Hbank11                                                 bank11       00000
__Hbank12                                                 bank12       00000
__Hbank13                                                 bank13       00000
__Hbank14                                                 bank14       00000
__Hbank15                                                 bank15       00000
__Hbank16                                                 bank16       00000
__Hbank17                                                 bank17       00000
__Hbank18                                                 bank18       00000
__Hbank19                                                 bank19       00000
__Hbank2                                                  bank2        00000
__Hbank20                                                 bank20       00000
__Hbank21                                                 bank21       00000
__Hbank22                                                 bank22       00000
__Hbank23                                                 bank23       00000
__Hbank24                                                 bank24       00000
__Hbank25                                                 bank25       00000
__Hbank26                                                 bank26       00000
__Hbank27                                                 bank27       00000
__Hbank28                                                 bank28       00000
__Hbank29                                                 bank29       00000
__Hbank3                                                  bank3        00000
__Hbank30                                                 bank30       00000
__Hbank31                                                 bank31       00000
__Hbank4                                                  bank4        00000
__Hbank5                                                  bank5        00000
__Hbank6                                                  bank6        00000
__Hbank7                                                  bank7        00000
__Hbank8                                                  bank8        00000
__Hbank9                                                  bank9        00000
__Hbigram                                                 bigram       00000
__HbssBANK0                                               bssBANK0     00000
__Hcinit                                                  cinit        00033
__Hclrtext                                                clrtext      00000
__Hcode                                                   code         00000
__Hcommon                                                 common       00000
__Hconfig                                                 config       0800C
__HcstackBANK0                                            cstackBANK0  00000
__HcstackCOMMON                                           cstackCOMMON 00000
__Heeprom_data                                            eeprom_data  00000
__Hend_init                                               end_init     00027
__Hfunctab                                                functab      00000
__Hinit                                                   init         00025
__Hintentry                                               intentry     00025
__Hmaintext                                               maintext     00000
__Hpowerup                                                powerup      00000
__Hram                                                    ram          00000
__Hreset_vec                                              reset_vec    00002
__Hsfr0                                                   sfr0         00000
__Hsfr1                                                   sfr1         00000
__Hsfr10                                                  sfr10        00000
__Hsfr11                                                  sfr11        00000
__Hsfr12                                                  sfr12        00000
__Hsfr13                                                  sfr13        00000
__Hsfr14                                                  sfr14        00000
__Hsfr15                                                  sfr15        00000
__Hsfr16                                                  sfr16        00000
__Hsfr17                                                  sfr17        00000
__Hsfr18                                                  sfr18        00000
__Hsfr19                                                  sfr19        00000
__Hsfr2                                                   sfr2         00000
__Hsfr20                                                  sfr20        00000
__Hsfr21                                                  sfr21        00000
__Hsfr22                                                  sfr22        00000
__Hsfr23                                                  sfr23        00000
__Hsfr24                                                  sfr24        00000
__Hsfr25                                                  sfr25        00000
__Hsfr26                                                  sfr26        00000
__Hsfr27                                                  sfr27        00000
__Hsfr28                                                  sfr28        00000
__Hsfr29                                                  sfr29        00000
__Hsfr3                                                   sfr3         00000
__Hsfr30                                                  sfr30        00000
__Hsfr31                                                  sfr31        00000
__Hsfr4                                                   sfr4         00000
__Hsfr5                                                   sfr5         00000
__Hsfr6                                                   sfr6         00000
__Hsfr7                                                   sfr7         00000
__Hsfr8                                                   sfr8         00000
__Hsfr9                                                   sfr9         00000
__Hspace_0                                                (abs)        00633
__Hspace_1                                                (abs)        0007D
__Hspace_2                                                (abs)        00000
__Hspace_3                                                (abs)        00000
__Hspace_4                                                (abs)        10013
__Hstack                                                  stack        00000
__Hstrings                                                strings      00000
__Hstringtext1                                            stringtext1  00000
__Hstringtext2                                            stringtext2  00000
__Hstringtext3                                            stringtext3  00000
__Htext                                                   text         00000
__Labs1                                                   abs1         00000
__Lbank0                                                  bank0        00000
__Lbank1                                                  bank1        00000
__Lbank10                                                 bank10       00000
__Lbank11                                                 bank11       00000
__Lbank12                                                 bank12       00000
__Lbank13                                                 bank13       00000
__Lbank14                                                 bank14       00000
__Lbank15                                                 bank15       00000
__Lbank16                                                 bank16       00000
__Lbank17                                                 bank17       00000
__Lbank18                                                 bank18       00000
__Lbank19                                                 bank19       00000
__Lbank2                                                  bank2        00000
__Lbank20                                                 bank20       00000
__Lbank21                                                 bank21       00000
__Lbank22                                                 bank22       00000
__Lbank23                                                 bank23       00000
__Lbank24                                                 bank24       00000
__Lbank25                                                 bank25       00000
__Lbank26                                                 bank26       00000
__Lbank27                                                 bank27       00000
__Lbank28                                                 bank28       00000
__Lbank29                                                 bank29       00000
__Lbank3                                                  bank3        00000
__Lbank30                                                 bank30       00000
__Lbank31                                                 bank31       00000
__Lbank4                                                  bank4        00000
__Lbank5                                                  bank5        00000
__Lbank6                                                  bank6        00000
__Lbank7                                                  bank7        00000
__Lbank8                                                  bank8        00000
__Lbank9                                                  bank9        00000
__Lbigram                                                 bigram       00000
__LbssBANK0                                               bssBANK0     00000
__Lcinit                                                  cinit        00027
__Lclrtext                                                clrtext      00000
__Lcode                                                   code         00000
__Lcommon                                                 common       00000
__Lconfig                                                 config       00000
__LcstackBANK0                                            cstackBANK0  00000
__LcstackCOMMON                                           cstackCOMMON 00000
__Leeprom_data                                            eeprom_data  00000
__Lend_init                                               end_init     00025
__Lfunctab                                                functab      00000
__Linit                                                   init         00025
__Lintentry                                               intentry     00004
__Lmaintext                                               maintext     00000
__Lpowerup                                                powerup      00000
__Lram                                                    ram          00000
__Lreset_vec                                              reset_vec    00000
__Lsfr0                                                   sfr0         00000
__Lsfr1                                                   sfr1         00000
__Lsfr10                                                  sfr10        00000
__Lsfr11                                                  sfr11        00000
__Lsfr12                                                  sfr12        00000
__Lsfr13                                                  sfr13        00000
__Lsfr14                                                  sfr14        00000
__Lsfr15                                                  sfr15        00000
__Lsfr16                                                  sfr16        00000
__Lsfr17                                                  sfr17        00000
__Lsfr18                                                  sfr18        00000
__Lsfr19                                                  sfr19        00000
__Lsfr2                                                   sfr2         00000
__Lsfr20                                                  sfr20        00000
__Lsfr21                                                  sfr21        00000
__Lsfr22                                                  sfr22        00000
__Lsfr23                                                  sfr23        00000
__Lsfr24                                                  sfr24        00000
__Lsfr25                                                  sfr25        00000
__Lsfr26                                                  sfr26        00000
__Lsfr27                                                  sfr27        00000
__Lsfr28                                                  sfr28        00000
__Lsfr29                                                  sfr29        00000
__Lsfr3                                                   sfr3         00000
__Lsfr30                                                  sfr30        00000
__Lsfr31                                                  sfr31        00000
__Lsfr4                                                   sfr4         00000
__Lsfr5                                                   sfr5         00000
__Lsfr6                                                   sfr6         00000
__Lsfr7                                                   sfr7         00000
__Lsfr8                                                   sfr8         00000
__Lsfr9                                                   sfr9         00000
__Lspace_0                                                (abs)        00000
__Lspace_1                                                (abs)        00000
__Lspace_2                                                (abs)        00000
__Lspace_3                                                (abs)        00000
__Lspace_4                                                (abs)        00000
__Lstack                                                  stack        00000
__Lstrings                                                strings      00000
__Lstringtext1                                            stringtext1  00000
__Lstringtext2                                            stringtext2  00000
__Lstringtext3                                            stringtext3  00000
__Ltext                                                   text         00000
__S0                                                      (abs)        00633
__S1                                                      (abs)        0007D
__S2                                                      (abs)        00000
__S3                                                      (abs)        00000
___int_sp                                                 stack        00000
___latbits                                                (abs)        00002
___sp                                                     stack        00000
___stackhi                                                (abs)        023EF
___stacklo                                                (abs)        02046
__end_of_I2C1_CallbackReturnReset                         text62       00631
__end_of_I2C1_CallbackReturnStop                          text63       00633
__end_of_I2C1_Close                                       text21       00422
__end_of_I2C1_DO_ADDRESS_NACK                             text35       00309
__end_of_I2C1_DO_IDLE                                     text49       005FD
__end_of_I2C1_DO_RCEN                                     text44       005AF
__end_of_I2C1_DO_RESET                                    text36       005D5
__end_of_I2C1_DO_RX                                       text45       00120
__end_of_I2C1_DO_RX_ACK                                   text39       005E4
__end_of_I2C1_DO_RX_NACK_RESTART                          text37       005DA
__end_of_I2C1_DO_RX_NACK_STOP                             text38       005DF
__end_of_I2C1_DO_SEND_ADR_READ                            text48       00591
__end_of_I2C1_DO_SEND_ADR_WRITE                           text47       005A1
__end_of_I2C1_DO_SEND_RESTART                             text41       005EE
__end_of_I2C1_DO_SEND_RESTART_READ                        text43       005F8
__end_of_I2C1_DO_SEND_RESTART_WRITE                       text42       005F3
__end_of_I2C1_DO_SEND_STOP                                text40       005E9
__end_of_I2C1_DO_TX                                       text46       0008B
__end_of_I2C1_DO_TX_EMPTY                                 text50       00285
__end_of_I2C1_Initialize                                  text30       00588
__end_of_I2C1_MasterClearIrq                              text24       0061D
__end_of_I2C1_MasterClose                                 text23       0061A
__end_of_I2C1_MasterDisableIrq                            text22       00617
__end_of_I2C1_MasterEnableIrq                             text17       00611
__end_of_I2C1_MasterEnableRestart                         text74       0062F
__end_of_I2C1_MasterFsm                                   text33       0035F
__end_of_I2C1_MasterGetRxData                             text55       00626
__end_of_I2C1_MasterIsNack                                text52       005C1
__end_of_I2C1_MasterIsr                                   text32       00606
__end_of_I2C1_MasterOpen                                  text16       00553
__end_of_I2C1_MasterOperation                             text19       00406
__end_of_I2C1_MasterSendAck                               text54       0060A
__end_of_I2C1_MasterSendNack                              text56       0060E
__end_of_I2C1_MasterSendTxData                            text53       00602
__end_of_I2C1_MasterSetIrq                                text51       00623
__end_of_I2C1_MasterStart                                 text20       00614
__end_of_I2C1_MasterStartRx                               text57       00629
__end_of_I2C1_MasterStop                                  text73       0062C
__end_of_I2C1_MasterWrite                                 text18       005CB
__end_of_I2C1_Open                                        text14       00165
__end_of_I2C1_SetAddressNackCallback                      text12       00546
__end_of_I2C1_SetBuffer                                   text11       00529
__end_of_I2C1_SetCallback                                 text13       00386
__end_of_I2C1_SetDataCompleteCallback                     text71       0056D
__end_of_I2C1_SetInterruptHandler                         text15       005BB
__end_of_INTERRUPT_InterruptManager                       intentry     00025
__end_of_OSCILLATOR_Initialize                            text29       0057F
__end_of_PIN_MANAGER_Initialize                           text28       001AA
__end_of_PMD_Initialize                                   text27       00599
__end_of_SYSTEM_Initialize                                text26       00560
__end_of__initialization                                  cinit        0002F
__end_of_i2c1_fsmStateTable                               stringtext1  00329
__end_of_i2c_writeNBytes                                  text10       002DD
__end_of_lcd_busy                                         text25       005D0
__end_of_lcd_command                                      text8        00256
__end_of_lcd_delete                                       text7        005C6
__end_of_lcd_go                                           text3        00220
__end_of_lcd_lighting_ac                                  text5        005A8
__end_of_lcd_start                                        text4        001E6
__end_of_lcd_writeletter                                  text2        002B1
__end_of_lcd_writemessage                                 text1        003CE
__end_of_main                                             maintext     000D9
__end_of_pcf8574_write                                    text6        0051A
__end_of_pcf8574_write_wEnable                            text9        003EA
__end_of_rd1RegCompleteHandler                            text68       004F2
__end_of_rd1RegCompleteHandler@i2c_simple_master$F1121    text60       00484
__end_of_rd2RegCompleteHandler                            text67       004DC
__end_of_rd2RegCompleteHandler@i2c_simple_master$F1129    text59       0046E
__end_of_rdBlkRegCompleteHandler                          text64       00458
__end_of_rdBlkRegCompleteHandler@i2c_simple_master$F1141  text58       0043D
__end_of_wr1RegCompleteHandler                            text66       004C6
__end_of_wr1RegCompleteHandler@i2c_simple_master$F1111    text61       0049A
__end_of_wr2RegCompleteHandler                            text65       004B0
__end_of_wr2RegCompleteHandler@i2c_simple_master$F1135    text69       00508
__end_ofi1_I2C1_MasterClearIrq                            text34       00620
__end_ofi1_I2C1_SetBuffer                                 text70       00538
__end_ofi1_I2C1_SetCallback                               text72       003AC
__initialization                                          cinit        00027
__pbssBANK0                                               bssBANK0     00044
__pcstackBANK0                                            cstackBANK0  00020
__pcstackCOMMON                                           cstackCOMMON 00070
__pintentry                                               intentry     00004
__pmaintext                                               maintext     0008B
__pstringtext1                                            stringtext1  00309
__pstringtext2                                            stringtext2  0056D
__pstringtext3                                            stringtext3  00000
__ptext1                                                  text1        003AC
__ptext10                                                 text10       002B1
__ptext11                                                 text11       0051A
__ptext12                                                 text12       00538
__ptext13                                                 text13       0035F
__ptext14                                                 text14       00120
__ptext15                                                 text15       005B5
__ptext16                                                 text16       00546
__ptext17                                                 text17       0060E
__ptext18                                                 text18       005C6
__ptext19                                                 text19       003EA
__ptext2                                                  text2        00285
__ptext20                                                 text20       00611
__ptext21                                                 text21       00406
__ptext22                                                 text22       00614
__ptext23                                                 text23       00617
__ptext24                                                 text24       0061A
__ptext25                                                 text25       005CB
__ptext26                                                 text26       00553
__ptext27                                                 text27       00591
__ptext28                                                 text28       00165
__ptext29                                                 text29       00576
__ptext3                                                  text3        001E6
__ptext30                                                 text30       0057F
__ptext32                                                 text32       00602
__ptext33                                                 text33       00334
__ptext34                                                 text34       0061D
__ptext35                                                 text35       002DD
__ptext36                                                 text36       005D0
__ptext37                                                 text37       005D5
__ptext38                                                 text38       005DA
__ptext39                                                 text39       005DF
__ptext4                                                  text4        001AA
__ptext40                                                 text40       005E4
__ptext41                                                 text41       005E9
__ptext42                                                 text42       005EE
__ptext43                                                 text43       005F3
__ptext44                                                 text44       005A8
__ptext45                                                 text45       000D9
__ptext46                                                 text46       00033
__ptext47                                                 text47       00599
__ptext48                                                 text48       00588
__ptext49                                                 text49       005F8
__ptext5                                                  text5        005A1
__ptext50                                                 text50       00256
__ptext51                                                 text51       00620
__ptext52                                                 text52       005BB
__ptext53                                                 text53       005FD
__ptext54                                                 text54       00606
__ptext55                                                 text55       00623
__ptext56                                                 text56       0060A
__ptext57                                                 text57       00626
__ptext58                                                 text58       00422
__ptext59                                                 text59       00458
__ptext6                                                  text6        00508
__ptext60                                                 text60       0046E
__ptext61                                                 text61       00484
__ptext62                                                 text62       0062F
__ptext63                                                 text63       00631
__ptext64                                                 text64       0043D
__ptext65                                                 text65       0049A
__ptext66                                                 text66       004B0
__ptext67                                                 text67       004C6
__ptext68                                                 text68       004DC
__ptext69                                                 text69       004F2
__ptext7                                                  text7        005C1
__ptext70                                                 text70       00529
__ptext71                                                 text71       00560
__ptext72                                                 text72       00386
__ptext73                                                 text73       00629
__ptext74                                                 text74       0062C
__ptext8                                                  text8        00220
__ptext9                                                  text9        003CE
__size_of_I2C1_CallbackReturnReset                        (abs)        00000
__size_of_I2C1_CallbackReturnStop                         (abs)        00000
__size_of_I2C1_Close                                      (abs)        00000
__size_of_I2C1_DO_ADDRESS_NACK                            (abs)        00000
__size_of_I2C1_DO_IDLE                                    (abs)        00000
__size_of_I2C1_DO_RCEN                                    (abs)        00000
__size_of_I2C1_DO_RESET                                   (abs)        00000
__size_of_I2C1_DO_RX                                      (abs)        00000
__size_of_I2C1_DO_RX_ACK                                  (abs)        00000
__size_of_I2C1_DO_RX_NACK_RESTART                         (abs)        00000
__size_of_I2C1_DO_RX_NACK_STOP                            (abs)        00000
__size_of_I2C1_DO_SEND_ADR_READ                           (abs)        00000
__size_of_I2C1_DO_SEND_ADR_WRITE                          (abs)        00000
__size_of_I2C1_DO_SEND_RESTART                            (abs)        00000
__size_of_I2C1_DO_SEND_RESTART_READ                       (abs)        00000
__size_of_I2C1_DO_SEND_RESTART_WRITE                      (abs)        00000
__size_of_I2C1_DO_SEND_STOP                               (abs)        00000
__size_of_I2C1_DO_TX                                      (abs)        00000
__size_of_I2C1_DO_TX_EMPTY                                (abs)        00000
__size_of_I2C1_Initialize                                 (abs)        00000
__size_of_I2C1_MasterClearIrq                             (abs)        00000
__size_of_I2C1_MasterClose                                (abs)        00000
__size_of_I2C1_MasterDisableIrq                           (abs)        00000
__size_of_I2C1_MasterEnableIrq                            (abs)        00000
__size_of_I2C1_MasterEnableRestart                        (abs)        00000
__size_of_I2C1_MasterFsm                                  (abs)        00000
__size_of_I2C1_MasterGetRxData                            (abs)        00000
__size_of_I2C1_MasterIsNack                               (abs)        00000
__size_of_I2C1_MasterIsr                                  (abs)        00000
__size_of_I2C1_MasterOpen                                 (abs)        00000
__size_of_I2C1_MasterOperation                            (abs)        00000
__size_of_I2C1_MasterSendAck                              (abs)        00000
__size_of_I2C1_MasterSendNack                             (abs)        00000
__size_of_I2C1_MasterSendTxData                           (abs)        00000
__size_of_I2C1_MasterSetIrq                               (abs)        00000
__size_of_I2C1_MasterStart                                (abs)        00000
__size_of_I2C1_MasterStartRx                              (abs)        00000
__size_of_I2C1_MasterStop                                 (abs)        00000
__size_of_I2C1_MasterWrite                                (abs)        00000
__size_of_I2C1_Open                                       (abs)        00000
__size_of_I2C1_SetAddressNackCallback                     (abs)        00000
__size_of_I2C1_SetBuffer                                  (abs)        00000
__size_of_I2C1_SetCallback                                (abs)        00000
__size_of_I2C1_SetDataCompleteCallback                    (abs)        00000
__size_of_I2C1_SetInterruptHandler                        (abs)        00000
__size_of_INTERRUPT_InterruptManager                      (abs)        00000
__size_of_OSCILLATOR_Initialize                           (abs)        00000
__size_of_PIN_MANAGER_Initialize                          (abs)        00000
__size_of_PMD_Initialize                                  (abs)        00000
__size_of_SYSTEM_Initialize                               (abs)        00000
__size_of_i2c_writeNBytes                                 (abs)        00000
__size_of_lcd_busy                                        (abs)        00000
__size_of_lcd_command                                     (abs)        00000
__size_of_lcd_delete                                      (abs)        00000
__size_of_lcd_go                                          (abs)        00000
__size_of_lcd_lighting_ac                                 (abs)        00000
__size_of_lcd_start                                       (abs)        00000
__size_of_lcd_writeletter                                 (abs)        00000
__size_of_lcd_writemessage                                (abs)        00000
__size_of_main                                            (abs)        00000
__size_of_pcf8574_write                                   (abs)        00000
__size_of_pcf8574_write_wEnable                           (abs)        00000
__size_of_rd1RegCompleteHandler                           (abs)        00000
__size_of_rd1RegCompleteHandler@i2c_simple_master$F1121   (abs)        00000
__size_of_rd2RegCompleteHandler                           (abs)        00000
__size_of_rd2RegCompleteHandler@i2c_simple_master$F1129   (abs)        00000
__size_of_rdBlkRegCompleteHandler                         (abs)        00000
__size_of_rdBlkRegCompleteHandler@i2c_simple_master$F1141 (abs)        00000
__size_of_wr1RegCompleteHandler                           (abs)        00000
__size_of_wr1RegCompleteHandler@i2c_simple_master$F1111   (abs)        00000
__size_of_wr2RegCompleteHandler                           (abs)        00000
__size_of_wr2RegCompleteHandler@i2c_simple_master$F1135   (abs)        00000
__size_ofi1_I2C1_MasterClearIrq                           (abs)        00000
__size_ofi1_I2C1_SetBuffer                                (abs)        00000
__size_ofi1_I2C1_SetCallback                              (abs)        00000
_display_cursor_blink                                     bssBANK0     00064
_i2c1_fsmStateTable                                       stringtext1  00309
_i2c_writeNBytes                                          text10       002B1
_lcd_busy                                                 text25       005CB
_lcd_command                                              text8        00220
_lcd_delete                                               text7        005C1
_lcd_go                                                   text3        001E6
_lcd_lighting_ac                                          text5        005A1
_lcd_start                                                text4        001AA
_lcd_writeletter                                          text2        00285
_lcd_writemessage                                         text1        003AC
_main                                                     maintext     0008B
_pcf8574_write                                            text6        00508
_pcf8574_write_wEnable                                    text9        003CE
_pcf_port                                                 bssBANK0     00065
_rd1RegCompleteHandler                                    text68       004DC
_rd1RegCompleteHandler@i2c_simple_master$F1121            text60       0046E
_rd2RegCompleteHandler                                    text67       004C6
_rd2RegCompleteHandler@i2c_simple_master$F1129            text59       00458
_rdBlkRegCompleteHandler                                  text64       0043D
_rdBlkRegCompleteHandler@i2c_simple_master$F1141          text58       00422
_wr1RegCompleteHandler                                    text66       004B0
_wr1RegCompleteHandler@i2c_simple_master$F1111            text61       00484
_wr2RegCompleteHandler                                    text65       0049A
_wr2RegCompleteHandler@i2c_simple_master$F1135            text69       004F2
btemp                                                     (abs)        0007E
clear_ram0                                                clrtext      005AF
end_of_initialization                                     cinit        0002F
i1I2C1_SetBuffer@buffer                                   cstackCOMMON 00070
i1I2C1_SetBuffer@bufferSize                               cstackCOMMON 00072
i1I2C1_SetCallback@cb                                     cstackCOMMON 00070
i1I2C1_SetCallback@idx                                    cstackCOMMON 00074
i1I2C1_SetCallback@ptr                                    cstackCOMMON 00072
i1_I2C1_MasterClearIrq                                    text34       0061D
i1_I2C1_SetBuffer                                         text70       00529
i1_I2C1_SetCallback                                       text72       00386
i2c_writeNBytes@address                                   cstackBANK0  00030
i2c_writeNBytes@data                                      cstackBANK0  0002C
i2c_writeNBytes@len                                       cstackBANK0  0002E
int$flags                                                 (abs)        0007E
intlevel0                                                 functab      00000
intlevel1                                                 functab      00000
intlevel2                                                 functab      00000
intlevel3                                                 functab      00000
intlevel4                                                 functab      00000
intlevel5                                                 functab      00000
lcd_command@command                                       cstackBANK0  00037
lcd_go@column                                             cstackBANK0  00038
lcd_go@line                                               cstackBANK0  0003B
lcd_go@temp                                               cstackBANK0  0003C
lcd_writeletter@letter                                    cstackBANK0  00037
lcd_writemessage@column                                   cstackBANK0  0003D
lcd_writemessage@line                                     cstackBANK0  00041
lcd_writemessage@message                                  cstackBANK0  0003E
pcf8574_write@data                                        cstackBANK0  00033
pcf8574_write_wEnable@writeBuffer                         cstackBANK0  00032
rd1RegCompleteHandler@i2c_simple_master$F1121@p           cstackCOMMON 00079
rd1RegCompleteHandler@ptr                                 cstackCOMMON 00079
rd2RegCompleteHandler@i2c_simple_master$F1129@p           cstackCOMMON 00079
rd2RegCompleteHandler@ptr                                 cstackCOMMON 00079
rdBlkRegCompleteHandler@i2c_simple_master$F1141@p         cstackCOMMON 00079
rdBlkRegCompleteHandler@ptr                               cstackCOMMON 00079
reset_vec                                                 reset_vec    00000
start                                                     init         00025
start_initialization                                      cinit        00027
wr1RegCompleteHandler@i2c_simple_master$F1111@p           cstackCOMMON 00079
wr1RegCompleteHandler@ptr                                 cstackCOMMON 00079
wr2RegCompleteHandler@i2c_simple_master$F1135@p           cstackCOMMON 00079
wr2RegCompleteHandler@ptr                                 cstackCOMMON 00079
wtemp0                                                    (abs)        0007E


MODULE INFORMATION

Module		Function		Class		Link	Load	Size
mcc_generated_files/examples/i2c1_master_example.c
		_wr1RegCompleteHandler		CODE           	04B0	0000	22
		_wr2RegCompleteHandler		CODE           	049A	0000	22
		_rdBlkRegCompleteHandler		CODE           	043D	0000	27
		_rd1RegCompleteHandler		CODE           	04DC	0000	22
		_rd2RegCompleteHandler		CODE           	04C6	0000	22

mcc_generated_files/examples/i2c1_master_example.c estimated size: 115

mcc_generated_files/i2c1_master.c
		_I2C1_DO_SEND_RESTART		CODE           	05E9	0000	5
		_I2C1_DO_TX_EMPTY		CODE           	0256	0000	47
		_I2C1_DO_SEND_RESTART_READ		CODE           	05F3	0000	5
		_I2C1_CallbackReturnStop		CODE           	0631	0000	2
		_I2C1_DO_RX    		CODE           	00D9	0000	71
		_I2C1_DO_TX    		CODE           	0033	0000	88
		_I2C1_SetAddressNackCallback		CODE           	0538	0000	14
		_I2C1_DO_IDLE  		CODE           	05F8	0000	5
		_I2C1_MasterOpen		CODE           	0546	0000	13
		_I2C1_DO_RCEN  		CODE           	05A8	0000	7
		_I2C1_MasterSendTxData		CODE           	05FD	0000	5
		_I2C1_MasterStop		CODE           	0629	0000	3
		_I2C1_CallbackReturnReset		CODE           	062F	0000	2
		_I2C1_DO_RESET 		CODE           	05D0	0000	5
		_I2C1_MasterStartRx		CODE           	0626	0000	3
		_I2C1_DO_RX_ACK		CODE           	05DF	0000	5
		_I2C1_MasterSendNack		CODE           	060A	0000	4
		_I2C1_DO_RX_NACK_RESTART		CODE           	05D5	0000	5
		_I2C1_MasterDisableIrq		CODE           	0614	0000	3
		_I2C1_MasterOperation		CODE           	03EA	0000	28
		_I2C1_SetCallback		CODE           	035F	0000	39
		_I2C1_MasterEnableRestart		CODE           	062C	0000	3
		_I2C1_Open     		CODE           	0120	0000	69
		_I2C1_DO_ADDRESS_NACK		CODE           	02DD	0000	44
		_I2C1_SetBuffer		CODE           	051A	0000	15
		_I2C1_DO_SEND_RESTART_WRITE		CODE           	05EE	0000	5
		_I2C1_MasterClose		CODE           	0617	0000	3
		_I2C1_MasterWrite		CODE           	05C6	0000	5
		_I2C1_Initialize		CODE           	057F	0000	9
		_I2C1_Close    		CODE           	0406	0000	28
		_I2C1_MasterIsNack		CODE           	05BB	0000	6
		_I2C1_MasterStart		CODE           	0611	0000	3
		_I2C1_DO_SEND_ADR_WRITE		CODE           	0599	0000	8
		_I2C1_MasterClearIrq		CODE           	061A	0000	3
		_I2C1_SetDataCompleteCallback		CODE           	0560	0000	13
		_I2C1_DO_SEND_STOP		CODE           	05E4	0000	5
		_I2C1_MasterSendAck		CODE           	0606	0000	4
		_I2C1_MasterFsm		CODE           	0334	0000	43
		_I2C1_MasterIsr		CODE           	0602	0000	4
		_I2C1_MasterGetRxData		CODE           	0623	0000	3
		_I2C1_SetInterruptHandler		CODE           	05B5	0000	6
		_I2C1_MasterSetIrq		CODE           	0620	0000	3
		_I2C1_DO_SEND_ADR_READ		CODE           	0588	0000	9
		_I2C1_MasterEnableIrq		CODE           	060E	0000	3
		_I2C1_DO_RX_NACK_STOP		CODE           	05DA	0000	5

mcc_generated_files/i2c1_master.c estimated size: 658

mcc_generated_files/interrupt_manager.c
		_INTERRUPT_InterruptManager		CODE           	0004	0000	33

mcc_generated_files/interrupt_manager.c estimated size: 33

pcf8574.c
		_pcf8574_write 		CODE           	0508	0000	18

pcf8574.c estimated size: 18

mcc_generated_files/pin_manager.c
		_PIN_MANAGER_Initialize		CODE           	0165	0000	69

mcc_generated_files/pin_manager.c estimated size: 69

mcc_generated_files/drivers/i2c_simple_master.c
		_rdBlkRegCompleteHandler@i2c_simple_master$F1141		CODE           	0422	0000	27
		_wr1RegCompleteHandler@i2c_simple_master$F1111		CODE           	0484	0000	22
		_wr2RegCompleteHandler@i2c_simple_master$F1135		CODE           	04F2	0000	22
		_i2c_writeNBytes		CODE           	02B1	0000	44
		_rd1RegCompleteHandler@i2c_simple_master$F1121		CODE           	046E	0000	22
		_rd2RegCompleteHandler@i2c_simple_master$F1129		CODE           	0458	0000	22

mcc_generated_files/drivers/i2c_simple_master.c estimated size: 159

shared
		i1_I2C1_SetBuffer		CODE           	0529	0000	15
		i1_I2C1_SetCallback		CODE           	0386	0000	38
		__initialization		CODE           	0027	0000	8
		_i2c1_fsmStateTable		STRCODE        	0309	0000	32
		i1_I2C1_MasterClearIrq		CODE           	061D	0000	3

shared estimated size: 96

mcc_generated_files/mcc.c
		_PMD_Initialize		CODE           	0591	0000	8
		_OSCILLATOR_Initialize		CODE           	0576	0000	9
		_SYSTEM_Initialize		CODE           	0553	0000	13

mcc_generated_files/mcc.c estimated size: 30

seri_lcd.c
		_lcd_busy      		CODE           	05CB	0000	5
		_lcd_command   		CODE           	0220	0000	54
		_lcd_delete    		CODE           	05C1	0000	5
		_lcd_start     		CODE           	01AA	0000	60
		_lcd_writeletter		CODE           	0285	0000	44
		_pcf8574_write_wEnable		CODE           	03CE	0000	28
		_lcd_go        		CODE           	01E6	0000	58
		_lcd_writemessage		CODE           	03AC	0000	34
		_lcd_lighting_ac		CODE           	05A1	0000	7

seri_lcd.c estimated size: 295

main.c
		_main          		CODE           	008B	0000	78

main.c estimated size: 78

