Microchip MPLAB XC8 Compiler V2.32

Linker command line:

-W-3 --edf=C:\Program Files\Microchip\xc8\v2.32\pic\dat\en_msgs.txt -cn \
  -h+dist/default/production\CISNE_SIN_MCC.X.production.sym \
  --cmf=dist/default/production\CISNE_SIN_MCC.X.production.cmf -z \
  -Q16F18875 -oC:\Users\David\AppData\Local\Temp\xcAs2og.4 \
  --defsym=__MPLAB_BUILD=1 \
  -Mdist/default/production/CISNE_SIN_MCC.X.production.map -E1 \
  -ver=XC8 Compiler --acfsm=1493 -ASTACK=02010h-023EFh -pstack=STACK \
  -ACODE=00h-07FFhx4 -ASTRCODE=00h-01FFFh -ASTRING=00h-0FFhx32 \
  -ACONST=00h-0FFhx32 -AENTRY=00h-0FFhx32 -ACOMMON=070h-07Fh \
  -ABANK0=020h-06Fh -ABANK1=0A0h-0EFh -ABANK2=0120h-016Fh \
  -ABANK3=01A0h-01EFh -ABANK4=0220h-026Fh -ABANK5=02A0h-02EFh \
  -ABANK6=0320h-036Fh -ABANK7=03A0h-03EFh -ABANK8=0420h-046Fh \
  -ABANK9=04A0h-04EFh -ABANK10=0520h-056Fh -ABANK11=05A0h-05EFh \
  -ABANK12=0620h-064Fh -ABIGRAM=02000h-023EFh \
  -ARAM=020h-06Fh,0A0h-0EFh,0120h-016Fh,01A0h-01EFh,0220h-026Fh,02A0h-02EFh,0320h-036Fh,03A0h-03EFh,0420h-046Fh,04A0h-04EFh,0520h-056Fh,05A0h-05EFh,0620h-064Fh \
  -AABS1=020h-07Fh,0A0h-0EFh,0120h-016Fh,01A0h-01EFh,0220h-026Fh,02A0h-02EFh,0320h-036Fh,03A0h-03EFh,0420h-046Fh,04A0h-04EFh,0520h-056Fh,05A0h-05EFh,0620h-064Fh \
  -ASFR0=00h-01Fh -ASFR1=080h-09Fh -ASFR2=0100h-011Fh -ASFR3=0180h-019Fh \
  -ASFR4=0200h-021Fh -ASFR5=0280h-029Fh -ASFR6=0300h-031Fh \
  -ASFR7=0380h-039Fh -ASFR8=0400h-041Fh -ASFR9=0480h-049Fh \
  -ASFR10=0500h-051Fh -ASFR11=0580h-059Fh -ASFR12=0600h-061Fh \
  -ASFR13=0680h-06EFh -ASFR14=0700h-076Fh -ASFR15=0780h-07EFh \
  -ASFR16=0800h-086Fh -ASFR17=0880h-08EFh -ASFR18=0900h-096Fh \
  -ASFR19=0980h-09EFh -ASFR20=0A00h-0A6Fh -ASFR21=0A80h-0AEFh \
  -ASFR22=0B00h-0B6Fh -ASFR23=0B80h-0BEFh -ASFR24=0C00h-0C6Fh \
  -ASFR25=0C80h-0CEFh -ASFR26=0D00h-0D6Fh -ASFR27=0D80h-0DEFh \
  -ASFR28=0E00h-0E6Fh -ASFR29=0E80h-0EEFh -ASFR30=0F00h-0F6Fh \
  -ASFR31=0F80h-0FEFh -ACONFIG=08007h-0800Bh -DCONFIG=2 \
  -AIDLOC=08000h-08003h -DIDLOC=2 -AEEDATA=00h-0FFh/0F000h \
  -peeprom_data=EEDATA -DEEDATA=2 -DCODE=2 -DSTRCODE=2 -DSTRING=2 -DCONST=2 \
  -DENTRY=2 -preset_vec=00h,intentry=04h,init,end_init -ppowerup=CODE \
  -pcinit=CODE -pfunctab=ENTRY -k \
  C:\Users\David\AppData\Local\Temp\xcAs2og.o \
  dist/default/production\CISNE_SIN_MCC.X.production.o 

Object code version is 3.11

Machine type is 16F18875



                Name                               Link     Load   Length Selector   Space Scale
C:\Users\David\AppData\Local\Temp\xcAs2og.o
                end_init                             20       20        2        8       0
                reset_vec                             0        0        2        0       0
                config                             8007     8007        5        0       4
dist/default/production\CISNE_SIN_MCC.X.production.o
                cinit                                22       22       1E        8       0
                intentry                              4        4       1C        8       0
                config                             8007     8007        5        0       4
                text23                              268      268        5        8       0
                text22                              214      214        F        8       0
                text21                              263      263        5        8       0
                text20                              205      205        F        8       0
                text19                              271      271        3        8       0
                text18                              1F6      1F6        F        8       0
                text17                              1A2      1A2       27        8       0
                text16                              1E7      1E7        F        8       0
                text15                              17B      17B       27        8       0
                text14                              1D8      1D8        F        8       0
                text13                              152      152       29        8       0
                text12                              223      223        E        8       0
                text11                              1C9      1C9        F        8       0
                text9                               25D      25D        6        8       0
                text8                               257      257        6        8       0
                text7                               251      251        6        8       0
                text6                               24B      24B        6        8       0
                text5                               245      245        6        8       0
                text4                               23F      23F        6        8       0
                text3                               126      126       2C        8       0
                text2                                FA       FA       2C        8       0
                text1                                CE       CE       2C        8       0
                maintext                             40       40       8E        8       0
                cstackCOMMON                         78       78        3       70       1
                inittext                            239      239        6        8       0
                dataBANK0                            2C       2C        4       20       1
                dataCOMMON                           70       70        8       70       1
                bssCOMMON                            7B       7B        2       70       1
                nvBANK0                              20       20        C       20       1
                idataBANK0                          26D      26D        4        8       0
                idataCOMMON                         231      231        8        8       0

TOTAL           Name                               Link     Load   Length     Space
        CLASS   STACK          

        CLASS   CODE           
                end_init                             20       20        2         0
                cinit                                22       22       1E         0
                intentry                              4        4       1C         0
                reset_vec                             0        0        2         0
                text23                              268      268        5         0
                text22                              214      214        F         0
                text21                              263      263        5         0
                text20                              205      205        F         0
                text19                              271      271        3         0
                text18                              1F6      1F6        F         0
                text17                              1A2      1A2       27         0
                text16                              1E7      1E7        F         0
                text15                              17B      17B       27         0
                text14                              1D8      1D8        F         0
                text13                              152      152       29         0
                text12                              223      223        E         0
                text11                              1C9      1C9        F         0
                text9                               25D      25D        6         0
                text8                               257      257        6         0
                text7                               251      251        6         0
                text6                               24B      24B        6         0
                text5                               245      245        6         0
                text4                               23F      23F        6         0
                text3                               126      126       2C         0
                text2                                FA       FA       2C         0
                text1                                CE       CE       2C         0
                maintext                             40       40       8E         0
                inittext                            239      239        6         0
                idataBANK0                          26D      26D        4         0
                idataCOMMON                         231      231        8         0

        CLASS   STRCODE        

        CLASS   STRING         

        CLASS   CONST          

        CLASS   ENTRY          

        CLASS   COMMON         
                cstackCOMMON                         78       78        3         1
                dataCOMMON                           70       70        8         1
                bssCOMMON                            7B       7B        2         1

        CLASS   BANK0          
                dataBANK0                            2C       2C        4         1
                nvBANK0                              20       20        C         1

        CLASS   BANK1          

        CLASS   BANK2          

        CLASS   BANK3          

        CLASS   BANK4          

        CLASS   BANK5          

        CLASS   BANK6          

        CLASS   BANK7          

        CLASS   BANK8          

        CLASS   BANK9          

        CLASS   BANK10         

        CLASS   BANK11         

        CLASS   BANK12         

        CLASS   BIGRAM         

        CLASS   RAM            

        CLASS   ABS1           
                abs_s1                               7E       7E        2         1

        CLASS   SFR0           

        CLASS   SFR1           

        CLASS   SFR2           

        CLASS   SFR3           

        CLASS   SFR4           

        CLASS   SFR5           

        CLASS   SFR6           

        CLASS   SFR7           

        CLASS   SFR8           

        CLASS   SFR9           

        CLASS   SFR10          

        CLASS   SFR11          

        CLASS   SFR12          

        CLASS   SFR13          

        CLASS   SFR14          

        CLASS   SFR15          

        CLASS   SFR16          

        CLASS   SFR17          

        CLASS   SFR18          

        CLASS   SFR19          

        CLASS   SFR20          

        CLASS   SFR21          

        CLASS   SFR22          

        CLASS   SFR23          

        CLASS   SFR24          

        CLASS   SFR25          

        CLASS   SFR26          

        CLASS   SFR27          

        CLASS   SFR28          

        CLASS   SFR29          

        CLASS   SFR30          

        CLASS   SFR31          

        CLASS   CONFIG         
                config                             8007     8007        5         4

        CLASS   IDLOC          

        CLASS   EEDATA         

        CLASS   BANK31         

        CLASS   BANK30         

        CLASS   BANK29         

        CLASS   BANK28         

        CLASS   BANK27         

        CLASS   BANK26         

        CLASS   BANK25         

        CLASS   BANK24         

        CLASS   BANK23         

        CLASS   BANK22         

        CLASS   BANK21         

        CLASS   BANK20         

        CLASS   BANK19         

        CLASS   BANK18         

        CLASS   BANK17         

        CLASS   BANK16         

        CLASS   BANK15         

        CLASS   BANK14         

        CLASS   BANK13         



SEGMENTS        Name                           Load    Length   Top    Selector   Space  Class     Delta

                reset_vec                      000000  000002  000002         0       0  CODE        2
                intentry                       000004  000270  000274         8       0  CODE        2
                nvBANK0                        000020  000010  000030        20       1  BANK0       1
                dataCOMMON                     000070  00000D  00007D        70       1  COMMON      1


UNUSED ADDRESS RANGES

        Name                Unused          Largest block    Delta
        BANK0            00030-0006F              40           1
        BANK1            000A0-000EF              50           1
        BANK10           00520-0056F              50           1
        BANK11           005A0-005EF              50           1
        BANK12           00620-0064F              30           1
        BANK2            00120-0016F              50           1
        BANK3            001A0-001EF              50           1
        BANK4            00220-0026F              50           1
        BANK5            002A0-002EF              50           1
        BANK6            00320-0036F              50           1
        BANK7            003A0-003EF              50           1
        BANK8            00420-0046F              50           1
        BANK9            004A0-004EF              50           1
        BIGRAM           02000-023EF             3F0           1
        CODE             00002-00003               2           2
                         00274-01FFF             800
        COMMON           0007D-0007D               1           1
        CONST            00002-00003               2           2
                         00274-01FFF             100
        EEDATA           0F000-0F0FF             100           2
        ENTRY            00002-00003               2           2
                         00274-01FFF             100
        IDLOC            08000-08003               4           2
        RAM              00030-0006F              40           1
                         000A0-000EF              50
                         00120-0016F              50
                         001A0-001EF              50
                         00220-0026F              50
                         002A0-002EF              50
                         00320-0036F              50
                         003A0-003EF              50
                         00420-0046F              50
                         004A0-004EF              50
                         00520-0056F              50
                         005A0-005EF              50
                         00620-0064F              30
        SFR0             00000-0001F              20           1
        SFR1             00080-0009F              20           1
        SFR10            00500-0051F              20           1
        SFR11            00580-0059F              20           1
        SFR12            00600-0061F              20           1
        SFR13            00680-006EF              70           1
        SFR14            00700-0076F              70           1
        SFR15            00780-007EF              70           1
        SFR16            00800-0086F              70           1
        SFR17            00880-008EF              70           1
        SFR18            00900-0096F              70           1
        SFR19            00980-009EF              70           1
        SFR2             00100-0011F              20           1
        SFR20            00A00-00A6F              70           1
        SFR21            00A80-00AEF              70           1
        SFR22            00B00-00B6F              70           1
        SFR23            00B80-00BEF              70           1
        SFR24            00C00-00C6F              70           1
        SFR25            00C80-00CEF              70           1
        SFR26            00D00-00D6F              70           1
        SFR27            00D80-00DEF              70           1
        SFR28            00E00-00E6F              70           1
        SFR29            00E80-00EEF              70           1
        SFR3             00180-0019F              20           1
        SFR30            00F00-00F6F              70           1
        SFR31            00F80-00FEF              70           1
        SFR4             00200-0021F              20           1
        SFR5             00280-0029F              20           1
        SFR6             00300-0031F              20           1
        SFR7             00380-0039F              20           1
        SFR8             00400-0041F              20           1
        SFR9             00480-0049F              20           1
        STACK            02010-023EF             3E0           1
        STRCODE          00002-00003               2           2
                         00274-01FFF            1D8C
        STRING           00002-00003               2           2
                         00274-01FFF             100

                                  Symbol Table

IOCAF0_SetInterruptHandler@InterruptHandler cstackCOMMON 00079
IOCAF1_SetInterruptHandler@InterruptHandler cstackCOMMON 00079
IOCAF2_SetInterruptHandler@InterruptHandler cstackCOMMON 00079
IOCCF2_SetInterruptHandler@InterruptHandler cstackCOMMON 00079
IOCCF3_SetInterruptHandler@InterruptHandler cstackCOMMON 00079
TMR0_SetInterruptHandler@InterruptHandler   cstackCOMMON 00079
_ANSELA                                     (abs)        00F38
_ANSELB                                     (abs)        00F43
_ANSELC                                     (abs)        00F4E
_ANSELD                                     (abs)        00F59
_ANSELE                                     (abs)        00F64
_INTCONbits                                 (abs)        0000B
_IOCAF0_DefaultInterruptHandler             text23       00268
_IOCAF0_ISR                                 text22       00214
_IOCAF0_InterruptHandler                    nvBANK0      00028
_IOCAF0_SetInterruptHandler                 text9        0025D
_IOCAF1_DefaultInterruptHandler             text21       00263
_IOCAF1_ISR                                 text20       00205
_IOCAF1_InterruptHandler                    nvBANK0      00026
_IOCAF1_SetInterruptHandler                 text8        00257
_IOCAF2_DefaultInterruptHandler             text19       00271
_IOCAF2_ISR                                 text18       001F6
_IOCAF2_InterruptHandler                    nvBANK0      00024
_IOCAF2_SetInterruptHandler                 text7        00251
_IOCAFbits                                  (abs)        00F3F
_IOCANbits                                  (abs)        00F3E
_IOCAPbits                                  (abs)        00F3D
_IOCCF2_DefaultInterruptHandler             text17       001A2
_IOCCF2_ISR                                 text16       001E7
_IOCCF2_InterruptHandler                    nvBANK0      00022
_IOCCF2_SetInterruptHandler                 text6        0024B
_IOCCF3_DefaultInterruptHandler             text15       0017B
_IOCCF3_ISR                                 text14       001D8
_IOCCF3_InterruptHandler                    nvBANK0      00020
_IOCCF3_SetInterruptHandler                 text5        00245
_IOCCFbits                                  (abs)        00F55
_IOCCNbits                                  (abs)        00F54
_IOCCPbits                                  (abs)        00F53
_LATB                                       (abs)        00017
_OSCCON1                                    (abs)        0088D
_OSCCON3                                    (abs)        0088F
_OSCEN                                      (abs)        00891
_OSCFRQ                                     (abs)        00893
_OSCTUNE                                    (abs)        00892
_PIE0bits                                   (abs)        00716
_PIN_MANAGER_IOC                            text13       00152
_PIR0bits                                   (abs)        0070C
_T0CON0                                     (abs)        0001E
_T0CON1                                     (abs)        0001F
_TMR0H                                      (abs)        0001D
_TMR0L                                      (abs)        0001C
_TMR0_DefaultInterruptHandler               text12       00223
_TMR0_ISR                                   text11       001C9
_TMR0_InterruptHandler                      nvBANK0      0002A
_TMR0_SetInterruptHandler                   text4        0023F
_TRISA                                      (abs)        00011
_TRISB                                      (abs)        00012
_TRISC                                      (abs)        00013
_TRISD                                      (abs)        00014
_TRISE                                      (abs)        00015
__Habs1                                     abs1         00000
__Hbank0                                    bank0        00000
__Hbank1                                    bank1        00000
__Hbank10                                   bank10       00000
__Hbank11                                   bank11       00000
__Hbank12                                   bank12       00000
__Hbank13                                   bank13       00000
__Hbank14                                   bank14       00000
__Hbank15                                   bank15       00000
__Hbank16                                   bank16       00000
__Hbank17                                   bank17       00000
__Hbank18                                   bank18       00000
__Hbank19                                   bank19       00000
__Hbank2                                    bank2        00000
__Hbank20                                   bank20       00000
__Hbank21                                   bank21       00000
__Hbank22                                   bank22       00000
__Hbank23                                   bank23       00000
__Hbank24                                   bank24       00000
__Hbank25                                   bank25       00000
__Hbank26                                   bank26       00000
__Hbank27                                   bank27       00000
__Hbank28                                   bank28       00000
__Hbank29                                   bank29       00000
__Hbank3                                    bank3        00000
__Hbank30                                   bank30       00000
__Hbank31                                   bank31       00000
__Hbank4                                    bank4        00000
__Hbank5                                    bank5        00000
__Hbank6                                    bank6        00000
__Hbank7                                    bank7        00000
__Hbank8                                    bank8        00000
__Hbank9                                    bank9        00000
__Hbigram                                   bigram       00000
__HbssCOMMON                                bssCOMMON    00000
__Hcinit                                    cinit        00040
__Hclrtext                                  clrtext      00000
__Hcode                                     code         00000
__Hcommon                                   common       00000
__Hconfig                                   config       0800C
__HcstackCOMMON                             cstackCOMMON 00000
__HdataBANK0                                dataBANK0    00000
__HdataCOMMON                               dataCOMMON   00000
__Heeprom_data                              eeprom_data  00000
__Hend_init                                 end_init     00022
__Hfunctab                                  functab      00000
__HidataBANK0                               idataBANK0   00000
__HidataCOMMON                              idataCOMMON  00000
__Hinit                                     init         00020
__Hinittext                                 inittext     00000
__Hintentry                                 intentry     00020
__Hmaintext                                 maintext     00000
__HnvBANK0                                  nvBANK0      00000
__Hpowerup                                  powerup      00000
__Hram                                      ram          00000
__Hreset_vec                                reset_vec    00002
__Hsfr0                                     sfr0         00000
__Hsfr1                                     sfr1         00000
__Hsfr10                                    sfr10        00000
__Hsfr11                                    sfr11        00000
__Hsfr12                                    sfr12        00000
__Hsfr13                                    sfr13        00000
__Hsfr14                                    sfr14        00000
__Hsfr15                                    sfr15        00000
__Hsfr16                                    sfr16        00000
__Hsfr17                                    sfr17        00000
__Hsfr18                                    sfr18        00000
__Hsfr19                                    sfr19        00000
__Hsfr2                                     sfr2         00000
__Hsfr20                                    sfr20        00000
__Hsfr21                                    sfr21        00000
__Hsfr22                                    sfr22        00000
__Hsfr23                                    sfr23        00000
__Hsfr24                                    sfr24        00000
__Hsfr25                                    sfr25        00000
__Hsfr26                                    sfr26        00000
__Hsfr27                                    sfr27        00000
__Hsfr28                                    sfr28        00000
__Hsfr29                                    sfr29        00000
__Hsfr3                                     sfr3         00000
__Hsfr30                                    sfr30        00000
__Hsfr31                                    sfr31        00000
__Hsfr4                                     sfr4         00000
__Hsfr5                                     sfr5         00000
__Hsfr6                                     sfr6         00000
__Hsfr7                                     sfr7         00000
__Hsfr8                                     sfr8         00000
__Hsfr9                                     sfr9         00000
__Hspace_0                                  (abs)        00274
__Hspace_1                                  (abs)        0007D
__Hspace_2                                  (abs)        00000
__Hspace_3                                  (abs)        00000
__Hspace_4                                  (abs)        10013
__Hstack                                    stack        00000
__Hstrings                                  strings      00000
__Htext                                     text         00000
__Labs1                                     abs1         00000
__Lbank0                                    bank0        00000
__Lbank1                                    bank1        00000
__Lbank10                                   bank10       00000
__Lbank11                                   bank11       00000
__Lbank12                                   bank12       00000
__Lbank13                                   bank13       00000
__Lbank14                                   bank14       00000
__Lbank15                                   bank15       00000
__Lbank16                                   bank16       00000
__Lbank17                                   bank17       00000
__Lbank18                                   bank18       00000
__Lbank19                                   bank19       00000
__Lbank2                                    bank2        00000
__Lbank20                                   bank20       00000
__Lbank21                                   bank21       00000
__Lbank22                                   bank22       00000
__Lbank23                                   bank23       00000
__Lbank24                                   bank24       00000
__Lbank25                                   bank25       00000
__Lbank26                                   bank26       00000
__Lbank27                                   bank27       00000
__Lbank28                                   bank28       00000
__Lbank29                                   bank29       00000
__Lbank3                                    bank3        00000
__Lbank30                                   bank30       00000
__Lbank31                                   bank31       00000
__Lbank4                                    bank4        00000
__Lbank5                                    bank5        00000
__Lbank6                                    bank6        00000
__Lbank7                                    bank7        00000
__Lbank8                                    bank8        00000
__Lbank9                                    bank9        00000
__Lbigram                                   bigram       00000
__LbssCOMMON                                bssCOMMON    00000
__Lcinit                                    cinit        00022
__Lclrtext                                  clrtext      00000
__Lcode                                     code         00000
__Lcommon                                   common       00000
__Lconfig                                   config       00000
__LcstackCOMMON                             cstackCOMMON 00000
__LdataBANK0                                dataBANK0    00000
__LdataCOMMON                               dataCOMMON   00000
__Leeprom_data                              eeprom_data  00000
__Lend_init                                 end_init     00020
__Lfunctab                                  functab      00000
__LidataBANK0                               idataBANK0   00000
__LidataCOMMON                              idataCOMMON  00000
__Linit                                     init         00020
__Linittext                                 inittext     00000
__Lintentry                                 intentry     00004
__Lmaintext                                 maintext     00000
__LnvBANK0                                  nvBANK0      00000
__Lpowerup                                  powerup      00000
__Lram                                      ram          00000
__Lreset_vec                                reset_vec    00000
__Lsfr0                                     sfr0         00000
__Lsfr1                                     sfr1         00000
__Lsfr10                                    sfr10        00000
__Lsfr11                                    sfr11        00000
__Lsfr12                                    sfr12        00000
__Lsfr13                                    sfr13        00000
__Lsfr14                                    sfr14        00000
__Lsfr15                                    sfr15        00000
__Lsfr16                                    sfr16        00000
__Lsfr17                                    sfr17        00000
__Lsfr18                                    sfr18        00000
__Lsfr19                                    sfr19        00000
__Lsfr2                                     sfr2         00000
__Lsfr20                                    sfr20        00000
__Lsfr21                                    sfr21        00000
__Lsfr22                                    sfr22        00000
__Lsfr23                                    sfr23        00000
__Lsfr24                                    sfr24        00000
__Lsfr25                                    sfr25        00000
__Lsfr26                                    sfr26        00000
__Lsfr27                                    sfr27        00000
__Lsfr28                                    sfr28        00000
__Lsfr29                                    sfr29        00000
__Lsfr3                                     sfr3         00000
__Lsfr30                                    sfr30        00000
__Lsfr31                                    sfr31        00000
__Lsfr4                                     sfr4         00000
__Lsfr5                                     sfr5         00000
__Lsfr6                                     sfr6         00000
__Lsfr7                                     sfr7         00000
__Lsfr8                                     sfr8         00000
__Lsfr9                                     sfr9         00000
__Lspace_0                                  (abs)        00000
__Lspace_1                                  (abs)        00000
__Lspace_2                                  (abs)        00000
__Lspace_3                                  (abs)        00000
__Lspace_4                                  (abs)        00000
__Lstack                                    stack        00000
__Lstrings                                  strings      00000
__Ltext                                     text         00000
__S0                                        (abs)        00274
__S1                                        (abs)        0007D
__S2                                        (abs)        00000
__S3                                        (abs)        00000
___int_sp                                   stack        00000
___latbits                                  (abs)        00002
___sp                                       stack        00000
___stackhi                                  (abs)        023EF
___stacklo                                  (abs)        02010
__end_of_IOCAF0_DefaultInterruptHandler     text23       0026D
__end_of_IOCAF0_ISR                         text22       00223
__end_of_IOCAF0_SetInterruptHandler         text9        00263
__end_of_IOCAF1_DefaultInterruptHandler     text21       00268
__end_of_IOCAF1_ISR                         text20       00214
__end_of_IOCAF1_SetInterruptHandler         text8        0025D
__end_of_IOCAF2_DefaultInterruptHandler     text19       00274
__end_of_IOCAF2_ISR                         text18       00205
__end_of_IOCAF2_SetInterruptHandler         text7        00257
__end_of_IOCCF2_DefaultInterruptHandler     text17       001C9
__end_of_IOCCF2_ISR                         text16       001F6
__end_of_IOCCF2_SetInterruptHandler         text6        00251
__end_of_IOCCF3_DefaultInterruptHandler     text15       001A2
__end_of_IOCCF3_ISR                         text14       001E7
__end_of_IOCCF3_SetInterruptHandler         text5        0024B
__end_of_PIN_MANAGER_IOC                    text13       0017B
__end_of_TMR0_DefaultInterruptHandler       text12       00231
__end_of_TMR0_ISR                           text11       001D8
__end_of_TMR0_SetInterruptHandler           text4        00245
__end_of__initialization                    cinit        0003C
__end_of_interrupcion                       intentry     00020
__end_of_main                               maintext     000CE
__end_of_secuencia1                         text3        00152
__end_of_secuencia2                         text2        00126
__end_of_secuencia3                         text1        000FA
__initialization                            cinit        00022
__pbssCOMMON                                bssCOMMON    0007B
__pcstackCOMMON                             cstackCOMMON 00078
__pdataBANK0                                dataBANK0    0002C
__pdataCOMMON                               dataCOMMON   00070
__pidataBANK0                               idataBANK0   0026D
__pidataCOMMON                              idataCOMMON  00231
__pintentry                                 intentry     00004
__pmaintext                                 maintext     00040
__pnvBANK0                                  nvBANK0      00020
__ptext1                                    text1        000CE
__ptext11                                   text11       001C9
__ptext12                                   text12       00223
__ptext13                                   text13       00152
__ptext14                                   text14       001D8
__ptext15                                   text15       0017B
__ptext16                                   text16       001E7
__ptext17                                   text17       001A2
__ptext18                                   text18       001F6
__ptext19                                   text19       00271
__ptext2                                    text2        000FA
__ptext20                                   text20       00205
__ptext21                                   text21       00263
__ptext22                                   text22       00214
__ptext23                                   text23       00268
__ptext3                                    text3        00126
__ptext4                                    text4        0023F
__ptext5                                    text5        00245
__ptext6                                    text6        0024B
__ptext7                                    text7        00251
__ptext8                                    text8        00257
__ptext9                                    text9        0025D
__size_of_IOCAF0_DefaultInterruptHandler    (abs)        00000
__size_of_IOCAF0_ISR                        (abs)        00000
__size_of_IOCAF0_SetInterruptHandler        (abs)        00000
__size_of_IOCAF1_DefaultInterruptHandler    (abs)        00000
__size_of_IOCAF1_ISR                        (abs)        00000
__size_of_IOCAF1_SetInterruptHandler        (abs)        00000
__size_of_IOCAF2_DefaultInterruptHandler    (abs)        00000
__size_of_IOCAF2_ISR                        (abs)        00000
__size_of_IOCAF2_SetInterruptHandler        (abs)        00000
__size_of_IOCCF2_DefaultInterruptHandler    (abs)        00000
__size_of_IOCCF2_ISR                        (abs)        00000
__size_of_IOCCF2_SetInterruptHandler        (abs)        00000
__size_of_IOCCF3_DefaultInterruptHandler    (abs)        00000
__size_of_IOCCF3_ISR                        (abs)        00000
__size_of_IOCCF3_SetInterruptHandler        (abs)        00000
__size_of_PIN_MANAGER_IOC                   (abs)        00000
__size_of_TMR0_DefaultInterruptHandler      (abs)        00000
__size_of_TMR0_ISR                          (abs)        00000
__size_of_TMR0_SetInterruptHandler          (abs)        00000
__size_of_interrupcion                      (abs)        00000
__size_of_main                              (abs)        00000
__size_of_secuencia1                        (abs)        00000
__size_of_secuencia2                        (abs)        00000
__size_of_secuencia3                        (abs)        00000
_i                                          bssCOMMON    0007B
_interrupcion                               intentry     00004
_j                                          dataCOMMON   00076
_main                                       maintext     00040
_secuencia1                                 text3        00126
_secuencia2                                 text2        000FA
_secuencia3                                 text1        000CE
_x                                          dataCOMMON   00070
btemp                                       (abs)        0007E
end_of_initialization                       cinit        0003C
init_ram                                    inittext     00239
int$flags                                   (abs)        0007E
intlevel0                                   functab      00000
intlevel1                                   functab      00000
intlevel2                                   functab      00000
intlevel3                                   functab      00000
intlevel4                                   functab      00000
intlevel5                                   functab      00000
reset_vec                                   reset_vec    00000
secuencia1@p                                cstackCOMMON 00079
secuencia2@p                                cstackCOMMON 00079
secuencia3@p                                cstackCOMMON 00079
start                                       init         00020
start_initialization                        cinit        00022
wtemp0                                      (abs)        0007E


MODULE INFORMATION

Module		Function		Class		Link	Load	Size
funciones.c
		_secuencia1    		CODE           	0126	0000	44
		_secuencia2    		CODE           	00FA	0000	44
		_secuencia3    		CODE           	00CE	0000	44

funciones.c estimated size: 132

shared
		__initialization		CODE           	0022	0000	26

shared estimated size: 26

main.c
		_IOCCF3_DefaultInterruptHandler		CODE           	017B	0000	39
		_TMR0_SetInterruptHandler		CODE           	023F	0000	6
		_IOCCF3_ISR    		CODE           	01D8	0000	15
		_IOCCF2_SetInterruptHandler		CODE           	024B	0000	6
		_IOCAF1_DefaultInterruptHandler		CODE           	0263	0000	5
		_IOCAF1_ISR    		CODE           	0205	0000	15
		_main          		CODE           	0040	0000	142
		_IOCAF0_SetInterruptHandler		CODE           	025D	0000	6
		_TMR0_DefaultInterruptHandler		CODE           	0223	0000	14
		_IOCCF3_SetInterruptHandler		CODE           	0245	0000	6
		_IOCAF2_DefaultInterruptHandler		CODE           	0271	0000	3
		_interrupcion  		CODE           	0004	0000	28
		_IOCAF2_ISR    		CODE           	01F6	0000	15
		_IOCAF1_SetInterruptHandler		CODE           	0257	0000	6
		_PIN_MANAGER_IOC		CODE           	0152	0000	41
		_IOCCF2_DefaultInterruptHandler		CODE           	01A2	0000	39
		_IOCCF2_ISR    		CODE           	01E7	0000	15
		_TMR0_ISR      		CODE           	01C9	0000	15
		_IOCAF0_DefaultInterruptHandler		CODE           	0268	0000	5
		_IOCAF0_ISR    		CODE           	0214	0000	15
		_IOCAF2_SetInterruptHandler		CODE           	0251	0000	6

main.c estimated size: 442

